// Jest Snapshot v1, https://goo.gl/fbAQLP

exports[`(Component) ForgotPasswordSuccess should render conrectly 1`] = `
Array [
  <img
    alt="sendNewPassword"
    className={
      Object {
        "data-css-1i7cb0r": "",
      }
    }
    src="/static/static/assets/img/ic-tick.png"
  />,
  <div
    className={
      Object {
        "data-css-19amwto": "",
      }
    }
  >
    resetPasswordNotificationBefore
    <br />
    resetPasswordNotificationAfter
  </div>,
  <div
    className="text-center"
  >
    <span
      className={
        Object {
          "data-css-fzywh6": "",
        }
      }
    >
      notReceived
    </span>
    <button
      className={
        Object {
          "data-css-1qmlgfq": "",
        }
      }
      disabled={true}
      onClick={[Function]}
    >
      sendAgain
    </button>
    <span
      className={
        Object {
          "data-css-14wv70v": "",
        }
      }
    >
      (
      59
      )
    </span>
  </div>,
]
`;
