// Jest Snapshot v1, https://goo.gl/fbAQLP

exports[`(Component) TheOtherFilters should render conrectly 1`] = `
<div
  className="row"
>
  <div
    className="css-1wzb0xk col-12 col col-sm-6"
  >
    <h4
      className="css-o1j11f"
    />
    <ul
      className="css-11q3crl list-unstyled d-flex align-items-stretch flex-wrap"
    >
      <li
        className="css-6hsheu"
      >
        <div
          className="form-check"
        >
          <label
            className="css-2d34dm "
            htmlFor={undefined}
          >
            <input
              checked={false}
              className="css-1k7inrl"
              name="categoryIds"
              onChange={[Function]}
              type="checkbox"
              value="1"
            />
            <span
              className="css-1qgrpm7"
            >
              House
            </span>
          </label>
        </div>
      </li>
    </ul>
  </div>
  <div
    className="css-1wzb0xk col-12 col col-sm-6"
  >
    <h4
      className="css-o1j11f"
    />
    <ul
      className="css-11q3crl list-unstyled d-flex align-items-stretch flex-wrap"
    >
      <li
        className="css-6hsheu"
      >
        <div
          className="form-check"
        >
          <label
            className="css-2d34dm "
            htmlFor={undefined}
          >
            <input
              checked={false}
              className="css-1k7inrl"
              name="directions"
              onChange={[Function]}
              type="checkbox"
              value="east"
            />
            <span
              className="css-1qgrpm7"
            />
          </label>
        </div>
      </li>
      <li
        className="css-6hsheu"
      >
        <div
          className="form-check"
        >
          <label
            className="css-2d34dm "
            htmlFor={undefined}
          >
            <input
              checked={false}
              className="css-1k7inrl"
              name="directions"
              onChange={[Function]}
              type="checkbox"
              value="west"
            />
            <span
              className="css-1qgrpm7"
            />
          </label>
        </div>
      </li>
      <li
        className="css-6hsheu"
      >
        <div
          className="form-check"
        >
          <label
            className="css-2d34dm "
            htmlFor={undefined}
          >
            <input
              checked={false}
              className="css-1k7inrl"
              name="directions"
              onChange={[Function]}
              type="checkbox"
              value="south"
            />
            <span
              className="css-1qgrpm7"
            />
          </label>
        </div>
      </li>
      <li
        className="css-6hsheu"
      >
        <div
          className="form-check"
        >
          <label
            className="css-2d34dm "
            htmlFor={undefined}
          >
            <input
              checked={false}
              className="css-1k7inrl"
              name="directions"
              onChange={[Function]}
              type="checkbox"
              value="north"
            />
            <span
              className="css-1qgrpm7"
            />
          </label>
        </div>
      </li>
      <li
        className="css-6hsheu"
      >
        <div
          className="form-check"
        >
          <label
            className="css-2d34dm "
            htmlFor={undefined}
          >
            <input
              checked={false}
              className="css-1k7inrl"
              name="directions"
              onChange={[Function]}
              type="checkbox"
              value="northEast"
            />
            <span
              className="css-1qgrpm7"
            />
          </label>
        </div>
      </li>
      <li
        className="css-6hsheu"
      >
        <div
          className="form-check"
        >
          <label
            className="css-2d34dm "
            htmlFor={undefined}
          >
            <input
              checked={false}
              className="css-1k7inrl"
              name="directions"
              onChange={[Function]}
              type="checkbox"
              value="northWest"
            />
            <span
              className="css-1qgrpm7"
            />
          </label>
        </div>
      </li>
      <li
        className="css-6hsheu"
      >
        <div
          className="form-check"
        >
          <label
            className="css-2d34dm "
            htmlFor={undefined}
          >
            <input
              checked={false}
              className="css-1k7inrl"
              name="directions"
              onChange={[Function]}
              type="checkbox"
              value="southEast"
            />
            <span
              className="css-1qgrpm7"
            />
          </label>
        </div>
      </li>
      <li
        className="css-6hsheu"
      >
        <div
          className="form-check"
        >
          <label
            className="css-2d34dm "
            htmlFor={undefined}
          >
            <input
              checked={false}
              className="css-1k7inrl"
              name="directions"
              onChange={[Function]}
              type="checkbox"
              value="southWest"
            />
            <span
              className="css-1qgrpm7"
            />
          </label>
        </div>
      </li>
    </ul>
  </div>
  <div
    className="css-1wzb0xk col-12 col col-sm-6"
  >
    <h4
      className="css-o1j11f"
    />
    <ul
      className="css-11q3crl list-unstyled d-flex align-items-stretch flex-wrap"
    >
      <li
        className="css-6hsheu"
      >
        <div
          className="form-check"
        >
          <label
            className="css-2d34dm "
            htmlFor={undefined}
          >
            <input
              checked={false}
              className="css-1k7inrl"
              name="utilities"
              onChange={[Function]}
              type="checkbox"
              value="3"
            />
            <span
              className="css-1qgrpm7"
            >
              Wifi
            </span>
          </label>
        </div>
      </li>
    </ul>
  </div>
  <div
    className="css-1wzb0xk col-12 col col-sm-6"
  >
    <h4
      className="css-o1j11f"
    />
    <ul
      className="css-11q3crl list-unstyled d-flex align-items-stretch flex-wrap"
    >
      <li
        className="css-6hsheu"
      >
        <div
          className="form-check"
        >
          <label
            className="css-2d34dm "
            htmlFor={undefined}
          >
            <input
              checked={false}
              className="css-1k7inrl"
              name="furnitures"
              onChange={[Function]}
              type="checkbox"
              value="2"
            />
            <span
              className="css-1qgrpm7"
            >
              Sofa
            </span>
          </label>
        </div>
      </li>
    </ul>
  </div>
</div>
`;
