// Jest Snapshot v1, https://goo.gl/fbAQLP

exports[`(Component) PriceFormField should render conrectly 1`] = `
<div
  className="input-group"
>
  <input
    className="form-control  "
    maxLength={undefined}
    onBlur={[Function]}
    onChange={[Function]}
    onFocus={[Function]}
    onKeyDown={[Function]}
    onMouseUp={[Function]}
    placeholder={null}
    type="text"
    value=""
  />
  <span
    className="input-group-addon"
  >
    TR
  </span>
</div>
`;
