// Jest Snapshot v1, https://goo.gl/fbAQLP

exports[`(Component) ForgotPasswordContent should render conrectly 1`] = `
Array [
  <div
    className="css-c2egwx"
  >
     
    forgotPassword
     
  </div>,
  <form
    onSubmit={[MockFunction]}
  >
    <div
      className="css-n6jj6g"
    >
       
      forgotPasswordDescription
       
    </div>
    <div
      className="form-group"
    >
      <strong
        className={
          Object {
            "data-css-q6gydh": "",
          }
        }
      >
        emailOrPhone
      </strong>
      Field
    </div>
    <input
      className="css-7qje71"
      disabled={true}
      type="submit"
      value="sendNewPassword"
    />
  </form>,
]
`;
